Traceback (most recent call last):
  File "/home/sero/freetoken-exl3/runs/N130-16g/score_ref_panel_n130.py", line 80, in <module>
    main()
    ~~~~^^
  File "/home/sero/freetoken-exl3/runs/N130-16g/score_ref_panel_n130.py", line 38, in main
    r = post(a.url, "/generate", {"input_ids": toks, "return_logprob": True, "logprob_start_len": P - 1,
                                  "top_logprobs_num": 20, "token_ids_logprob": support,
                                  "sampling_params": {"temperature": 0, "max_new_tokens": 1}})
  File "/home/sero/freetoken-exl3/runs/N130-16g/score_ref_panel_n130.py", line 20, in post
    with urllib.request.urlopen(req, timeout=timeout) as r:
         ~~~~~~~~~~~~~~~~~~~~~~^^^^^^^^^^^^^^^^^^^^^^
  File "/usr/lib/python3.14/urllib/request.py", line 187, in urlopen
    return opener.open(url, data, timeout)
           ~~~~~~~~~~~^^^^^^^^^^^^^^^^^^^^
  File "/usr/lib/python3.14/urllib/request.py", line 493, in open
    response = meth(req, response)
  File "/usr/lib/python3.14/urllib/request.py", line 602, in http_response
    response = self.parent.error(
        'http', request, response, code, msg, hdrs)
  File "/usr/lib/python3.14/urllib/request.py", line 531, in error
    return self._call_chain(*args)
           ~~~~~~~~~~~~~~~~^^^^^^^
  File "/usr/lib/python3.14/urllib/request.py", line 464, in _call_chain
    result = func(*args)
  File "/usr/lib/python3.14/urllib/request.py", line 611, in http_error_default
    raise HTTPError(req.full_url, code, msg, hdrs, fp)
urllib.error.HTTPError: HTTP Error 500: Internal Server Error
